// Jest Snapshot v1, https://goo.gl/fbAQLP

exports[`MetadataDefinitionDetails Renders null schema 1`] = `
Array [
  <header
    className="fd-has-background-color-background-2"
  >
    <section
      className="fd-has-padding-regular fd-has-padding-bottom-none action-bar-wrapper"
    >
      <section>
        <ul
          className="fd-breadcrumb"
        >
          <li
            className="fd-breadcrumb__item"
            onClick={[Function]}
          >
            <a
              className="fd-breadcrumb__link"
              href="#"
            >
              Metadata Definitions
            </a>
          </li>
          <li
            className="fd-breadcrumb__item"
          />
        </ul>
        <div
          className="fd-action-bar__header"
        >
          <h3
            className="fd-action-bar__title"
          >
            noschemalabel
          </h3>
        </div>
      </section>
      <div
        className="fd-action-bar__actions"
      >
        <button
          className="fd-button--emphasized"
          data-test-id="save"
          disabled={false}
          onClick={[Function]}
        >
          Save
        </button>
        <button
          className="fd-button--light fd-button--negative"
          onClick={[Function]}
        >
          Delete
        </button>
      </div>
    </section>
  </header>,
  <section
    className="fd-section"
  >
    <div
      className="fd-panel"
    >
      <div
        className="fd-panel__header"
      >
        <div
          className="fd-panel__head"
        >
          <h1
            className="fd-panel__title"
          >
            Schema
          </h1>
        </div>
        <div
          className="fd-panel__actions"
        >
          <div
            className="fd-form-item"
          >
            <label
              className="fd-form-label"
            >
              <span
                className="fd-toggle"
              >
                <input
                  checked={false}
                  className="fd-toggle__input"
                  onChange={[Function]}
                  type="checkbox"
                />
                <span
                  className="fd-toggle__switch"
                  role="presentation"
                />
              </span>
              
            </label>
          </div>
        </div>
      </div>
    </div>
  </section>,
]
`;

exports[`MetadataDefinitionDetails Renders null schema 2`] = `
"Warning: componentWillReceiveProps has been renamed, and is not recommended for use. See https://fb.me/react-unsafe-component-lifecycles for details.

* Move data fetching code or side effects to componentDidUpdate.
* If you're updating state whenever props change, refactor your code to use memoization techniques or move it to static getDerivedStateFromProps. Learn more at: https://fb.me/react-derived-state
* Rename componentWillReceiveProps to UNSAFE_componentWillReceiveProps to suppress this warning in non-strict mode. In React 17.x, only the UNSAFE_ name will work. To rename all deprecated lifecycles to their new names, you can run \`npx react-codemod rename-unsafe-lifecycles\` in your project source folder.

Please update the following components: Mutation, Query"
`;
