// Jest Snapshot v1, https://goo.gl/fbAQLP

exports[`Lambda Code Tab Render with minimal props 1`] = `
<div
  className="fd-panel fd-has-margin-medium"
>
  <div
    className="fd-panel__header"
  >
    <div
      className="fd-panel__head"
    >
      <h3
        className="fd-panel__title"
      >
        Lambda Code
      </h3>
    </div>
  </div>
  <div
    className="fd-panel__body"
  >
    <section
      style={
        Object {
          "display": "flex",
          "height": "40em",
          "position": "relative",
          "textAlign": "initial",
          "width": "100%",
        }
      }
    >
      <div
        style={
          Object {
            "alignItems": "center",
            "display": "flex",
            "height": "100%",
            "justifyContent": "center",
            "width": "100%",
          }
        }
      >
        Loading...
      </div>
      <div
        style={
          Object {
            "display": "none",
            "width": "100%",
          }
        }
      />
    </section>
  </div>
</div>
`;
