// Jest Snapshot v1, https://goo.gl/fbAQLP

exports[`LambdaDetailsHeader UI Renders with minimal props 1`] = `
<header
  className="fd-has-background-color-background-2"
>
  <section
    className="fd-has-padding-regular fd-has-padding-bottom-none action-bar-wrapper"
  >
    <section>
      <ul
        className="fd-breadcrumb"
      >
        <li
          className="fd-breadcrumb__item"
          onClick={[Function]}
        >
          <a
            className="fd-breadcrumb__link"
            href="#"
          >
            Lambdas
          </a>
        </li>
        <li
          className="fd-breadcrumb__item"
        />
      </ul>
      <div
        className="fd-action-bar__header"
      >
        <h3
          className="fd-action-bar__title"
        >
          testlambda
        </h3>
      </div>
    </section>
    <div
      className="fd-action-bar__actions"
    >
      <button
        className="fd-button"
        data-test-id="lambda-save-button"
        onClick={[Function]}
      >
        Save
      </button>
      <button
        className="fd-button--light fd-button--negative"
        onClick={[Function]}
      >
        Delete
      </button>
    </div>
  </section>
</header>
`;
