// Jest Snapshot v1, https://goo.gl/fbAQLP

exports[`createApplicationInput forms valid application input 1`] = `
Object {
  "apiVersion": "applicationconnector.kyma-project.io/v1alpha1",
  "kind": "Application",
  "metadata": Object {
    "labels": Object {
      "a": "b",
      "c": "d",
      "d": "e",
      "e": "f",
    },
    "name": "test-app-name",
  },
  "spec": Object {
    "accessLabel": "test-app-name",
    "description": "test-description",
    "services": Array [],
  },
}
`;
