// Jest Snapshot v1, https://goo.gl/fbAQLP

exports[`ModalWithForm Renders child component 1`] = `
<div>
  <div
    onClick={[Function]}
  >
    <button
      className="fd-button"
    >
      
    </button>
  </div>
</div>
`;

exports[`ModalWithForm Renders with minimal props 1`] = `
<div>
  <div
    onClick={[Function]}
  >
    <button
      className="fd-button"
    >
      
    </button>
  </div>
</div>
`;
