// Jest Snapshot v1, https://goo.gl/fbAQLP

exports[`Namespace create helpers formatLimits creates valid limits input 1`] = `
Object {
  "apiVersion": "v1",
  "kind": "LimitRange",
  "metadata": Object {
    "name": "test-namespace-limits",
    "namespace": "test-namespace",
  },
  "spec": Object {
    "limits": Array [
      Object {
        "default": Object {
          "memory": "test-default",
        },
        "defaultRequest": Object {
          "memory": "test-default-request",
        },
        "max": Object {
          "memory": "test-max",
        },
        "type": "Container",
      },
    ],
  },
}
`;

exports[`Namespace create helpers formatMemoryQuotas creates valid memory quotas input 1`] = `
Object {
  "apiVersion": "v1",
  "kind": "ResourceQuota",
  "metadata": Object {
    "name": "test-namespace-quotas",
    "namespace": "test-namespace",
  },
  "spec": Object {
    "hard": Object {
      "limits.memory": "test-limits",
      "requests.memory": "test-requests",
    },
  },
}
`;

exports[`Namespace create helpers formatNamespace creates valid namespace input 1`] = `
Object {
  "metadata": Object {
    "labels": Object {
      "a": "b",
      "c": "d",
    },
    "name": "test-name",
  },
}
`;
